Microchip MPLAB XC8 Compiler V1.34 ()

Linker command line:

--edf=C:\Program Files (x86)\Microchip\xc8\v1.34\dat\en_msgs.txt -cs \
  -h+dist/default/production\RE_project_door_lock.X.production.sym \
  --cmf=dist/default/production\RE_project_door_lock.X.production.cmf -z \
  -Q18F4620 -oC:\Users\DELL\AppData\Local\Temp\s8is.6 \
  -Mdist/default/production/RE_project_door_lock.X.production.map -E1 \
  -ver=XC8 -ASTACK=080h-0f7fh -pstack=STACK -ACODE=00h-0FFFFh \
  -ACONST=00h-0FFFFh -ASMALLCONST=01000h-010FFhx240 \
  -AMEDIUMCONST=01000h-0FFFFh -ACOMRAM=01h-07Fh -AABS1=00h-0F7Fh \
  -ABIGRAM=01h-0F7Fh -ARAM=080h-0FFh,0100h-01FFhx14,0F00h-0F7Fh \
  -ABANK0=080h-0FFh -ABANK1=0100h-01FFh -ABANK2=0200h-02FFh \
  -ABANK3=0300h-03FFh -ABANK4=0400h-04FFh -ABANK5=0500h-05FFh \
  -ABANK6=0600h-06FFh -ABANK7=0700h-07FFh -ABANK8=0800h-08FFh \
  -ABANK9=0900h-09FFh -ABANK10=0A00h-0AFFh -ABANK11=0B00h-0BFFh \
  -ABANK12=0C00h-0CFFh -ABANK13=0D00h-0DFFh -ABANK14=0E00h-0EFFh \
  -ABANK15=0F00h-0F7Fh -ASFR=0F80h-0FFFh \
  -preset_vec=00h,intcode,intcodelo,powerup,init,end_init -pramtop=01000h \
  -psmallconst=SMALLCONST -pmediumconst=MEDIUMCONST -pconst=CONST \
  -AFARRAM=00h-00h -ACONFIG=0300000h-030000Dh -pconfig=CONFIG \
  -AIDLOC=0200000h-0200007h -pidloc=IDLOC -AEEDATA=0F00000h-0F003FFh \
  -peeprom_data=EEDATA \
  -prdata=COMRAM,nvrram=COMRAM,nvbit=COMRAM,rbss=COMRAM,rbit=COMRAM \
  -pfarbss=FARRAM,fardata=FARRAM,nvFARRAM=FARRAM \
  -pintsave_regs=BIGRAM,bigbss=BIGRAM,bigdata=BIGRAM -pbss=RAM \
  -pidata=CODE,irdata=CODE,ibigdata=CODE,ifardata=CODE -prparam=COMRAM \
  C:\Users\DELL\AppData\Local\Temp\s8is.obj \
  dist/default/production\RE_project_door_lock.X.production.obj 

Object code version is 3.11

Machine type is 18F4620

Call graph: (short form)




                Name                               Link     Load   Length Selector   Space Scale
C:\Users\DELL\AppData\Local\Temp\s8is.obj
                end_init                              0        0        4        0       0
                idloc                            200000   200000        8   200000       0
                config                           300000   300000        E   300000       0
dist/default/production\RE_project_door_lock.X.production.obj
                smallconst                         1000     1000       88      800       0
                text12                             1882     1882       1A      844       0
                text11                             1856     1856       2C      844       0
                text10                             182A     182A       2C      844       0
                text9                              178C     178C       3A      844       0
                text8                              1710     1710       42      844       0
                text7                              17FE     17FE       2C      844       0
                text6                              17C6     17C6       38      844       0
                text5                              1752     1752       3A      844       0
                text4                              15EA     15EA       94      844       0
                text3                              18B2     18B2        E      844       0
                text2                              16CC     16CC       44      844       0
                text1                              167E     167E       4E      844       0
                text0                              1088     1088      562      844       0
                cstackCOMRAM                          1        1       29        1       1
                bssCOMRAM                            2A       2A       10        1       1
                cinit                              189C     189C       16      844       0

TOTAL           Name                               Link     Load   Length     Space
        CLASS   STACK          

        CLASS   CODE           
                end_init                              0        0        4         0
                text12                             1882     1882       1A         0
                text11                             1856     1856       2C         0
                text10                             182A     182A       2C         0
                text9                              178C     178C       3A         0
                text8                              1710     1710       42         0
                text7                              17FE     17FE       2C         0
                text6                              17C6     17C6       38         0
                text5                              1752     1752       3A         0
                text4                              15EA     15EA       94         0
                text3                              18B2     18B2        E         0
                text2                              16CC     16CC       44         0
                text1                              167E     167E       4E         0
                text0                              1088     1088      562         0
                cinit                              189C     189C       16         0

        CLASS   CONST          

        CLASS   SMALLCONST     
                smallconst                         1000     1000       88         0

        CLASS   MEDIUMCONST    

        CLASS   COMRAM         
                cstackCOMRAM                          1        1       29         1
                bssCOMRAM                            2A       2A       10         1

        CLASS   ABS1           

        CLASS   BIGRAM         

        CLASS   RAM            

        CLASS   BANK0          

        CLASS   BANK1          

        CLASS   BANK2          

        CLASS   BANK3          

        CLASS   BANK4          

        CLASS   BANK5          

        CLASS   BANK6          

        CLASS   BANK7          

        CLASS   BANK8          

        CLASS   BANK9          

        CLASS   BANK10         

        CLASS   BANK11         

        CLASS   BANK12         

        CLASS   BANK13         

        CLASS   BANK14         

        CLASS   BANK15         

        CLASS   SFR            

        CLASS   FARRAM         

        CLASS   CONFIG         
                config                           300000   300000        E         0

        CLASS   IDLOC          
                idloc                            200000   200000        8         0

        CLASS   EEDATA         



SEGMENTS        Name                           Load    Length   Top    Selector   Space  Class

                reset_vec                      000000  000004  000004         0       0  CODE    
                cstackCOMRAM                   000001  000039  00003A         1       1  COMRAM  
                smallconst                     001000  000088  001088       800       0  SMALLCON
                text0                          001088  000838  0018C0       844       0  CODE    
                idloc                          200000  000008  200008    200000       0  IDLOC   
                config                         300000  00000E  30000E    300000       0  CONFIG  


UNUSED ADDRESS RANGES

        Name                Unused          Largest block    Delta
        BANK0            000080-0000FF               80
        BANK1            000100-0001FF              100
        BANK10           000A00-000AFF              100
        BANK11           000B00-000BFF              100
        BANK12           000C00-000CFF              100
        BANK13           000D00-000DFF              100
        BANK14           000E00-000EFF              100
        BANK15           000F00-000F7F               80
        BANK2            000200-0002FF              100
        BANK3            000300-0003FF              100
        BANK4            000400-0004FF              100
        BANK5            000500-0005FF              100
        BANK6            000600-0006FF              100
        BANK7            000700-0007FF              100
        BANK8            000800-0008FF              100
        BANK9            000900-0009FF              100
        BIGRAM           00003A-000F7F              F46
        CODE             000004-000FFF              FFC
                         0018C0-00FFFF             E740
        COMRAM           00003A-00007F               46
        CONST            000004-000FFF              FFC
                         0018C0-00FFFF             E740
        EEDATA           F00000-F003FF              400
        MEDIUMCONST      0018C0-00FFFF             E740
        RAM              000080-000F7F              100
        SFR              000F80-000FFF               80
        SMALLCONST       0018C0-00FFFF              100
        STACK            000080-000F7F              F00

                                  Symbol Table

?_sprintf                cstackCOMRAM 000001
?_strcmp                 cstackCOMRAM 000001
EEPROM_read@address      cstackCOMRAM 000001
EEPROM_write@address     cstackCOMRAM 000001
EEPROM_write@data        cstackCOMRAM 000002
LCDGoto@ln               cstackCOMRAM 000005
LCDGoto@pos              cstackCOMRAM 00000A
LCDPutChar@ch            cstackCOMRAM 000004
LCDPutCmd@ch             cstackCOMRAM 000004
LCDPutStr@i              cstackCOMRAM 000007
LCDPutStr@str            cstackCOMRAM 000005
LCDWriteNibble@ch        cstackCOMRAM 000002
LCDWriteNibble@rs        cstackCOMRAM 000001
UART_initi@BR            cstackCOMRAM 000001
_BRG16                   (abs)        007DC3
_BRGH                    (abs)        007D62
_CFGS                    (abs)        007D36
_CREN                    (abs)        007D5C
_EEADR                   (abs)        000FA9
_EEADRH                  (abs)        000FAA
_EECON1bits              (abs)        000FA6
_EECON2                  (abs)        000FA7
_EEDATA                  (abs)        000FA8
_EEPGD                   (abs)        007D37
_EEPROM_read             text12       001882
_EEPROM_write            text11       001856
_GIE                     (abs)        007F97
_IPEN                    (abs)        007E87
_LATB0                   (abs)        007C50
_LATB1                   (abs)        007C51
_LATB2                   (abs)        007C52
_LCDGoto                 text8        001710
_LCDGoto$165             cstackCOMRAM 000008
_LCDPutChar              text7        0017FE
_LCDPutCmd               text9        00178C
_LCDPutStr               text6        0017C6
_LCDWriteNibble          text10       00182A
_LCD_Initialize          text5        001752
_OSCCON                  (abs)        000FD3
_PEIE                    (abs)        007F96
_PORTD                   (abs)        000F83
_PORTDbits               (abs)        000F83
_RCIE                    (abs)        007CED
_RCIF                    (abs)        007CF5
_RCREG                   (abs)        000FAE
_SPBRG                   (abs)        000FAF
_SPEN                    (abs)        007D5F
_SYNC                    (abs)        007D64
_TRISB0                  (abs)        007C98
_TRISB1                  (abs)        007C99
_TRISB2                  (abs)        007C9A
_TRISD                   (abs)        000F95
_TRMT                    (abs)        007D61
_TX9                     (abs)        007D66
_TXEN                    (abs)        007D65
_TXIE                    (abs)        007CEC
_TXIF                    (abs)        007CF4
_TXREG                   (abs)        000FAD
_UART_initi              text4        0015EA
_UART_read_ch            text3        0018B2
_WREN                    (abs)        007D32
__CFG_BOREN$SBORDIS      (abs)        000000
__CFG_BORV$3             (abs)        000000
__CFG_CCP2MX$PORTC       (abs)        000000
__CFG_CP0$OFF            (abs)        000000
__CFG_CP1$OFF            (abs)        000000
__CFG_CP2$OFF            (abs)        000000
__CFG_CP3$OFF            (abs)        000000
__CFG_CPB$OFF            (abs)        000000
__CFG_CPD$OFF            (abs)        000000
__CFG_EBTR0$OFF          (abs)        000000
__CFG_EBTR1$OFF          (abs)        000000
__CFG_EBTR2$OFF          (abs)        000000
__CFG_EBTR3$OFF          (abs)        000000
__CFG_EBTRB$OFF          (abs)        000000
__CFG_FCMEN$OFF          (abs)        000000
__CFG_IESO$OFF           (abs)        000000
__CFG_LPT1OSC$OFF        (abs)        000000
__CFG_LVP$OFF            (abs)        000000
__CFG_MCLRE$ON           (abs)        000000
__CFG_OSC$INTIO67        (abs)        000000
__CFG_PBADEN$OFF         (abs)        000000
__CFG_PWRT$OFF           (abs)        000000
__CFG_STVREN$ON          (abs)        000000
__CFG_WDT$OFF            (abs)        000000
__CFG_WDTPS$32768        (abs)        000000
__CFG_WRT0$OFF           (abs)        000000
__CFG_WRT1$OFF           (abs)        000000
__CFG_WRT2$OFF           (abs)        000000
__CFG_WRT3$OFF           (abs)        000000
__CFG_WRTB$OFF           (abs)        000000
__CFG_WRTC$OFF           (abs)        000000
__CFG_WRTD$OFF           (abs)        000000
__CFG_XINST$OFF          (abs)        000000
__HRAM                   (abs)        000000
__Habs1                  abs1         000000
__Hbank0                 bank0        000000
__Hbank1                 bank1        000000
__Hbank10                bank10       000000
__Hbank11                bank11       000000
__Hbank12                bank12       000000
__Hbank13                bank13       000000
__Hbank14                bank14       000000
__Hbank15                bank15       000000
__Hbank2                 bank2        000000
__Hbank3                 bank3        000000
__Hbank4                 bank4        000000
__Hbank5                 bank5        000000
__Hbank6                 bank6        000000
__Hbank7                 bank7        000000
__Hbank8                 bank8        000000
__Hbank9                 bank9        000000
__Hbigbss                bigbss       000000
__Hbigdata               bigdata      000000
__Hbigram                bigram       000000
__Hbss                   bss          000000
__HbssCOMRAM             bssCOMRAM    000000
__Hcinit                 cinit        000000
__Hclrtext               clrtext      000000
__Hcomram                comram       000000
__Hconfig                config       30000E
__Hconst                 const        000000
__HcstackCOMRAM          cstackCOMRAM 000000
__Hdata                  data         000000
__Heeprom_data           eeprom_data  000000
__Hend_init              end_init     000004
__Hfarbss                farbss       000000
__Hfardata               fardata      000000
__Hibigdata              ibigdata     000000
__Hidata                 idata        000000
__Hidloc                 idloc        200008
__Hifardata              ifardata     000000
__Hinit                  init         000000
__Hintcode               intcode      000000
__Hintcode_body          intcode_body 000000
__Hintcodelo             intcodelo    000000
__Hintentry              intentry     000000
__Hintret                intret       000000
__Hintsave_regs          intsave_regs 000000
__Hirdata                irdata       000000
__Hmediumconst           mediumconst  000000
__HnvFARRAM              nvFARRAM     000000
__Hnvbit                 nvbit        000000
__Hnvrram                nvrram       000000
__Hparam                 rparam       000000
__Hpowerup               powerup      000000
__Hram                   ram          000000
__Hramtop                ramtop       001000
__Hrbit                  rbit         000000
__Hrbss                  rbss         000000
__Hrdata                 rdata        000000
__Hreset_vec             reset_vec    000000
__Hrparam                rparam       000000
__Hsfr                   sfr          000000
__Hsmallconst            smallconst   001088
__Hspace_0               (abs)        30000E
__Hspace_1               (abs)        00003A
__Hspace_2               (abs)        000000
__Hstack                 stack        000000
__Hstruct                struct       000000
__Htemp                  temp         000000
__Htext                  text         000000
__Htext0                 text0        000000
__Htext1                 text1        000000
__Htext10                text10       000000
__Htext11                text11       000000
__Htext12                text12       000000
__Htext2                 text2        000000
__Htext3                 text3        000000
__Htext4                 text4        000000
__Htext5                 text5        000000
__Htext6                 text6        000000
__Htext7                 text7        000000
__Htext8                 text8        000000
__Htext9                 text9        000000
__LRAM                   (abs)        000001
__Labs1                  abs1         000000
__Lbank0                 bank0        000000
__Lbank1                 bank1        000000
__Lbank10                bank10       000000
__Lbank11                bank11       000000
__Lbank12                bank12       000000
__Lbank13                bank13       000000
__Lbank14                bank14       000000
__Lbank15                bank15       000000
__Lbank2                 bank2        000000
__Lbank3                 bank3        000000
__Lbank4                 bank4        000000
__Lbank5                 bank5        000000
__Lbank6                 bank6        000000
__Lbank7                 bank7        000000
__Lbank8                 bank8        000000
__Lbank9                 bank9        000000
__Lbigbss                bigbss       000000
__Lbigdata               bigdata      000000
__Lbigram                bigram       000000
__Lbss                   bss          000000
__LbssCOMRAM             bssCOMRAM    000000
__Lcinit                 cinit        000000
__Lclrtext               clrtext      000000
__Lcomram                comram       000000
__Lconfig                config       300000
__Lconst                 const        000000
__LcstackCOMRAM          cstackCOMRAM 000000
__Ldata                  data         000000
__Leeprom_data           eeprom_data  000000
__Lend_init              end_init     000000
__Lfarbss                farbss       000000
__Lfardata               fardata      000000
__Libigdata              ibigdata     000000
__Lidata                 idata        000000
__Lidloc                 idloc        200000
__Lifardata              ifardata     000000
__Linit                  init         000000
__Lintcode               intcode      000000
__Lintcode_body          intcode_body 000000
__Lintcodelo             intcodelo    000000
__Lintentry              intentry     000000
__Lintret                intret       000000
__Lintsave_regs          intsave_regs 000000
__Lirdata                irdata       000000
__Lmediumconst           mediumconst  000000
__LnvFARRAM              nvFARRAM     000000
__Lnvbit                 nvbit        000000
__Lnvrram                nvrram       000000
__Lparam                 rparam       000000
__Lpowerup               powerup      000000
__Lram                   ram          000000
__Lramtop                ramtop       001000
__Lrbit                  rbit         000000
__Lrbss                  rbss         000000
__Lrdata                 rdata        000000
__Lreset_vec             reset_vec    000000
__Lrparam                rparam       000000
__Lsfr                   sfr          000000
__Lsmallconst            smallconst   001000
__Lspace_0               (abs)        000000
__Lspace_1               (abs)        000000
__Lspace_2               (abs)        000000
__Lstack                 stack        000000
__Lstruct                struct       000000
__Ltemp                  temp         000000
__Ltext                  text         000000
__Ltext0                 text0        000000
__Ltext1                 text1        000000
__Ltext10                text10       000000
__Ltext11                text11       000000
__Ltext12                text12       000000
__Ltext2                 text2        000000
__Ltext3                 text3        000000
__Ltext4                 text4        000000
__Ltext5                 text5        000000
__Ltext6                 text6        000000
__Ltext7                 text7        000000
__Ltext8                 text8        000000
__Ltext9                 text9        000000
__S0                     (abs)        30000E
__S1                     (abs)        00003A
__S2                     (abs)        000000
___inthi_sp              stack        000000
___intlo_sp              stack        000000
___param_bank            (abs)        000010
___rparam_used           (abs)        000001
___sp                    stack        000000
__accesstop              (abs)        000080
__activetblptr           (abs)        000002
__end_of_EEPROM_read     text12       00189C
__end_of_EEPROM_write    text11       001882
__end_of_LCDGoto         text8        001752
__end_of_LCDPutChar      text7        00182A
__end_of_LCDPutCmd       text9        0017C6
__end_of_LCDPutStr       text6        0017FE
__end_of_LCDWriteNibble  text10       001856
__end_of_LCD_Initialize  text5        00178C
__end_of_UART_initi      text4        00167E
__end_of_UART_read_ch    text3        0018C0
__end_of__initialization cinit        0018A8
__end_of_main            text0        0015EA
__end_of_sprintf         text2        001710
__end_of_strcmp          text1        0016CC
__initialization         cinit        00189C
__mediumconst            mediumconst  000000
__pbssCOMRAM             bssCOMRAM    00002A
__pcinit                 cinit        00189C
__pcstackCOMRAM          cstackCOMRAM 000001
__psmallconst            smallconst   001000
__ptext0                 text0        001088
__ptext1                 text1        00167E
__ptext10                text10       00182A
__ptext11                text11       001856
__ptext12                text12       001882
__ptext2                 text2        0016CC
__ptext3                 text3        0018B2
__ptext4                 text4        0015EA
__ptext5                 text5        001752
__ptext6                 text6        0017C6
__ptext7                 text7        0017FE
__ptext8                 text8        001710
__ptext9                 text9        00178C
__ramtop                 ramtop       001000
__size_of_EEPROM_read    (abs)        000000
__size_of_EEPROM_write   (abs)        000000
__size_of_LCDGoto        (abs)        000000
__size_of_LCDPutChar     (abs)        000000
__size_of_LCDPutCmd      (abs)        000000
__size_of_LCDPutStr      (abs)        000000
__size_of_LCDWriteNibble (abs)        000000
__size_of_LCD_Initialize (abs)        000000
__size_of_UART_initi     (abs)        000000
__size_of_UART_read_ch   (abs)        000000
__size_of_main           (abs)        000000
__size_of_sprintf        (abs)        000000
__size_of_strcmp         (abs)        000000
__smallconst             smallconst   001000
_main                    text0        001088
_out                     bssCOMRAM    00002A
_sprintf                 text2        0016CC
_strcmp                  text1        00167E
end_of_initialization    cinit        0018A8
intlevel0                text         000000
intlevel1                text         000000
intlevel2                text         000000
intlevel3                text         000000
main@c                   cstackCOMRAM 00000C
main@i                   cstackCOMRAM 000022
main@i_247               cstackCOMRAM 000024
main@i_249               cstackCOMRAM 000026
main@i_260               cstackCOMRAM 000028
main@j                   cstackCOMRAM 00000D
main@j_251               cstackCOMRAM 00000F
main@j_254               cstackCOMRAM 000011
main@j_256               cstackCOMRAM 000013
main@j_258               cstackCOMRAM 000015
main@pass                cstackCOMRAM 00001D
main@str                 cstackCOMRAM 000017
main@x                   cstackCOMRAM 00001C
sprintf@ap               cstackCOMRAM 000005
sprintf@c                cstackCOMRAM 000007
sprintf@f                cstackCOMRAM 000003
sprintf@sp               cstackCOMRAM 000001
stackhi                  (abs)        000F7F
stacklo                  (abs)        000080
start                    init         000000
start_initialization     cinit        00189C
strcmp@r                 cstackCOMRAM 000006
strcmp@s1                cstackCOMRAM 000001
strcmp@s2                cstackCOMRAM 000003


FUNCTION INFORMATION:

 *************** function _main *****************
 Defined at:
		line 21 in file "RE-door lock.c"
 Parameters:    Size  Location     Type
		None
 Auto vars:     Size  Location     Type
  j               2   14[COMRAM] int 
  i               2   37[COMRAM] int 
  i               2   35[COMRAM] int 
  j               2   18[COMRAM] int 
  i               2   39[COMRAM] int 
  j               2   20[COMRAM] int 
  j               2   16[COMRAM] int 
  i               2   33[COMRAM] int 
  j               2   12[COMRAM] int 
  pass            5   28[COMRAM] unsigned char [5]
  str             5   22[COMRAM] unsigned char [5]
  x               1   27[COMRAM] unsigned char 
  c               1   11[COMRAM] unsigned char 
 Return value:  Size  Location     Type
		None               void
 Registers used:
		wreg, fsr2l, fsr2h, status,2, status,0, tblptrl, tblptrh, tblptru, prodl, prodh, cstack
 Tracked objects:
		On entry : 
		On exit  : 
		Unchanged: 
 Data sizes:     COMRAM   BANK0   BANK1   BANK2   BANK3   BANK4   BANK5   BANK6   BANK7   BANK8   BANK9  BANK10  BANK11  BANK12  BANK13  BANK14  BANK15
      Params:         0       0       0       0       0       0       0       0       0       0       0       0       0       0       0       0       0
      Locals:        30       0       0       0       0       0       0       0       0       0       0       0       0       0       0       0       0
      Temps:          1       0       0       0       0       0       0       0       0       0       0       0       0       0       0       0       0
      Totals:        31       0       0       0       0       0       0       0       0       0       0       0       0       0       0       0       0
Total ram usage:       31 bytes
 Hardware stack levels required when called:    3
 This function calls:
		_EEPROM_read
		_EEPROM_write
		_LCDGoto
		_LCDPutCmd
		_LCDPutStr
		_LCD_Initialize
		_UART_initi
		_UART_read_ch
		_sprintf
		_strcmp
 This function is called by:
		Startup code after reset
 This function uses a non-reentrant model


 *************** function _strcmp *****************
 Defined at:
		line 33 in file "C:\Program Files (x86)\Microchip\xc8\v1.34\sources\common\strcmp.c"
 Parameters:    Size  Location     Type
  s1              2    0[COMRAM] PTR const unsigned char 
		 -> main@str(5), 
  s2              2    2[COMRAM] PTR const unsigned char 
		 -> main@pass(5), 
 Auto vars:     Size  Location     Type
  r               1    5[COMRAM] char 
 Return value:  Size  Location     Type
                  2    0[COMRAM] int 
 Registers used:
		wreg, fsr2l, fsr2h, status,2, status,0
 Tracked objects:
		On entry : 
		On exit  : 
		Unchanged: 
 Data sizes:     COMRAM   BANK0   BANK1   BANK2   BANK3   BANK4   BANK5   BANK6   BANK7   BANK8   BANK9  BANK10  BANK11  BANK12  BANK13  BANK14  BANK15
      Params:         4       0       0       0       0       0       0       0       0       0       0       0       0       0       0       0       0
      Locals:         1       0       0       0       0       0       0       0       0       0       0       0       0       0       0       0       0
      Temps:          1       0       0       0       0       0       0       0       0       0       0       0       0       0       0       0       0
      Totals:         6       0       0       0       0       0       0       0       0       0       0       0       0       0       0       0       0
Total ram usage:        6 bytes
 Hardware stack levels used:    1
 This function calls:
		Nothing
 This function is called by:
		_main
 This function uses a non-reentrant model


 *************** function _sprintf *****************
 Defined at:
		line 492 in file "C:\Program Files (x86)\Microchip\xc8\v1.34\sources\common\doprnt.c"
 Parameters:    Size  Location     Type
  sp              2    0[COMRAM] PTR unsigned char 
		 -> out(16), 
  f               2    2[COMRAM] PTR const unsigned char 
		 -> STR_12(14), STR_11(6), STR_10(6), STR_9(13), 
		 -> STR_8(6), STR_7(5), STR_6(15), STR_5(15), 
		 -> STR_4(17), STR_3(17), STR_2(15), STR_1(11), 
 Auto vars:     Size  Location     Type
  tmpval          4    0        struct .
  cp              3    0        PTR const unsigned char 
  ap              2    4[COMRAM] PTR void [1]
		 -> ?_sprintf(2), 
  len             2    0        unsigned int 
  val             2    0        unsigned int 
  c               1    6[COMRAM] char 
  flag            1    0        unsigned char 
  prec            1    0        char 
 Return value:  Size  Location     Type
                  2    0[COMRAM] int 
 Registers used:
		wreg, fsr2l, fsr2h, status,2, status,0, tblptrl, tblptrh, tblptru
 Tracked objects:
		On entry : 
		On exit  : 
		Unchanged: 
 Data sizes:     COMRAM   BANK0   BANK1   BANK2   BANK3   BANK4   BANK5   BANK6   BANK7   BANK8   BANK9  BANK10  BANK11  BANK12  BANK13  BANK14  BANK15
      Params:         4       0       0       0       0       0       0       0       0       0       0       0       0       0       0       0       0
      Locals:         3       0       0       0       0       0       0       0       0       0       0       0       0       0       0       0       0
      Temps:          0       0       0       0       0       0       0       0       0       0       0       0       0       0       0       0       0
      Totals:         7       0       0       0       0       0       0       0       0       0       0       0       0       0       0       0       0
Total ram usage:        7 bytes
 Hardware stack levels used:    1
 This function calls:
		Nothing
 This function is called by:
		_main
 This function uses a non-reentrant model


 *************** function _UART_read_ch *****************
 Defined at:
		line 64 in file "uart_liberary.c"
 Parameters:    Size  Location     Type
		None
 Auto vars:     Size  Location     Type
		None
 Return value:  Size  Location     Type
                  1    wreg      unsigned char 
 Registers used:
		wreg, status,2
 Tracked objects:
		On entry : 
		On exit  : 
		Unchanged: 
 Data sizes:     COMRAM   BANK0   BANK1   BANK2   BANK3   BANK4   BANK5   BANK6   BANK7   BANK8   BANK9  BANK10  BANK11  BANK12  BANK13  BANK14  BANK15
      Params:         0       0       0       0       0       0       0       0       0       0       0       0       0       0       0       0       0
      Locals:         0       0       0       0       0       0       0       0       0       0       0       0       0       0       0       0       0
      Temps:          0       0       0       0       0       0       0       0       0       0       0       0       0       0       0       0       0
      Totals:         0       0       0       0       0       0       0       0       0       0       0       0       0       0       0       0       0
Total ram usage:        0 bytes
 Hardware stack levels used:    1
 This function calls:
		Nothing
 This function is called by:
		_main
		_UART_read_str
 This function uses a non-reentrant model


 *************** function _UART_initi *****************
 Defined at:
		line 6 in file "uart_liberary.c"
 Parameters:    Size  Location     Type
  BR              2    0[COMRAM] int 
 Auto vars:     Size  Location     Type
		None
 Return value:  Size  Location     Type
		None               void
 Registers used:
		wreg, status,2, status,0
 Tracked objects:
		On entry : 
		On exit  : 
		Unchanged: 
 Data sizes:     COMRAM   BANK0   BANK1   BANK2   BANK3   BANK4   BANK5   BANK6   BANK7   BANK8   BANK9  BANK10  BANK11  BANK12  BANK13  BANK14  BANK15
      Params:         2       0       0       0       0       0       0       0       0       0       0       0       0       0       0       0       0
      Locals:         0       0       0       0       0       0       0       0       0       0       0       0       0       0       0       0       0
      Temps:          2       0       0       0       0       0       0       0       0       0       0       0       0       0       0       0       0
      Totals:         4       0       0       0       0       0       0       0       0       0       0       0       0       0       0       0       0
Total ram usage:        4 bytes
 Hardware stack levels used:    1
 This function calls:
		Nothing
 This function is called by:
		_main
 This function uses a non-reentrant model


 *************** function _LCD_Initialize *****************
 Defined at:
		line 6 in file "lcd.c"
 Parameters:    Size  Location     Type
		None
 Auto vars:     Size  Location     Type
		None
 Return value:  Size  Location     Type
		None               void
 Registers used:
		wreg, status,2, status,0, cstack
 Tracked objects:
		On entry : 
		On exit  : 
		Unchanged: 
 Data sizes:     COMRAM   BANK0   BANK1   BANK2   BANK3   BANK4   BANK5   BANK6   BANK7   BANK8   BANK9  BANK10  BANK11  BANK12  BANK13  BANK14  BANK15
      Params:         0       0       0       0       0       0       0       0       0       0       0       0       0       0       0       0       0
      Locals:         0       0       0       0       0       0       0       0       0       0       0       0       0       0       0       0       0
      Temps:          1       0       0       0       0       0       0       0       0       0       0       0       0       0       0       0       0
      Totals:         1       0       0       0       0       0       0       0       0       0       0       0       0       0       0       0       0
Total ram usage:        1 bytes
 Hardware stack levels used:    1
 Hardware stack levels required when called:    2
 This function calls:
		_LCDPutCmd
 This function is called by:
		_main
 This function uses a non-reentrant model


 *************** function _LCDPutStr *****************
 Defined at:
		line 95 in file "lcd.c"
 Parameters:    Size  Location     Type
  str             2    4[COMRAM] PTR const unsigned char 
		 -> out(16), 
 Auto vars:     Size  Location     Type
  i               1    6[COMRAM] unsigned char 
 Return value:  Size  Location     Type
		None               void
 Registers used:
		wreg, fsr2l, fsr2h, status,2, status,0, prodl, prodh, cstack
 Tracked objects:
		On entry : 
		On exit  : 
		Unchanged: 
 Data sizes:     COMRAM   BANK0   BANK1   BANK2   BANK3   BANK4   BANK5   BANK6   BANK7   BANK8   BANK9  BANK10  BANK11  BANK12  BANK13  BANK14  BANK15
      Params:         2       0       0       0       0       0       0       0       0       0       0       0       0       0       0       0       0
      Locals:         1       0       0       0       0       0       0       0       0       0       0       0       0       0       0       0       0
      Temps:          0       0       0       0       0       0       0       0       0       0       0       0       0       0       0       0       0
      Totals:         3       0       0       0       0       0       0       0       0       0       0       0       0       0       0       0       0
Total ram usage:        3 bytes
 Hardware stack levels used:    1
 Hardware stack levels required when called:    2
 This function calls:
		_LCDPutChar
 This function is called by:
		_main
 This function uses a non-reentrant model


 *************** function _LCDPutChar *****************
 Defined at:
		line 63 in file "lcd.c"
 Parameters:    Size  Location     Type
  ch              1    wreg     unsigned char 
 Auto vars:     Size  Location     Type
  ch              1    3[COMRAM] unsigned char 
 Return value:  Size  Location     Type
		None               void
 Registers used:
		wreg, status,2, status,0, cstack
 Tracked objects:
		On entry : 
		On exit  : 
		Unchanged: 
 Data sizes:     COMRAM   BANK0   BANK1   BANK2   BANK3   BANK4   BANK5   BANK6   BANK7   BANK8   BANK9  BANK10  BANK11  BANK12  BANK13  BANK14  BANK15
      Params:         0       0       0       0       0       0       0       0       0       0       0       0       0       0       0       0       0
      Locals:         1       0       0       0       0       0       0       0       0       0       0       0       0       0       0       0       0
      Temps:          1       0       0       0       0       0       0       0       0       0       0       0       0       0       0       0       0
      Totals:         2       0       0       0       0       0       0       0       0       0       0       0       0       0       0       0       0
Total ram usage:        2 bytes
 Hardware stack levels used:    1
 Hardware stack levels required when called:    1
 This function calls:
		_LCDWriteNibble
 This function is called by:
		_LCDPutStr
 This function uses a non-reentrant model


 *************** function _LCDGoto *****************
 Defined at:
		line 108 in file "lcd.c"
 Parameters:    Size  Location     Type
  pos             1    wreg     unsigned char 
  ln              1    4[COMRAM] unsigned char 
 Auto vars:     Size  Location     Type
  pos             1    9[COMRAM] unsigned char 
 Return value:  Size  Location     Type
		None               void
 Registers used:
		wreg, status,2, status,0, cstack
 Tracked objects:
		On entry : 
		On exit  : 
		Unchanged: 
 Data sizes:     COMRAM   BANK0   BANK1   BANK2   BANK3   BANK4   BANK5   BANK6   BANK7   BANK8   BANK9  BANK10  BANK11  BANK12  BANK13  BANK14  BANK15
      Params:         1       0       0       0       0       0       0       0       0       0       0       0       0       0       0       0       0
      Locals:         3       0       0       0       0       0       0       0       0       0       0       0       0       0       0       0       0
      Temps:          2       0       0       0       0       0       0       0       0       0       0       0       0       0       0       0       0
      Totals:         6       0       0       0       0       0       0       0       0       0       0       0       0       0       0       0       0
Total ram usage:        6 bytes
 Hardware stack levels used:    1
 Hardware stack levels required when called:    2
 This function calls:
		_LCDPutCmd
 This function is called by:
		_main
 This function uses a non-reentrant model


 *************** function _LCDPutCmd *****************
 Defined at:
		line 78 in file "lcd.c"
 Parameters:    Size  Location     Type
  ch              1    wreg     unsigned char 
 Auto vars:     Size  Location     Type
  ch              1    3[COMRAM] unsigned char 
 Return value:  Size  Location     Type
		None               void
 Registers used:
		wreg, status,2, status,0, cstack
 Tracked objects:
		On entry : 
		On exit  : 
		Unchanged: 
 Data sizes:     COMRAM   BANK0   BANK1   BANK2   BANK3   BANK4   BANK5   BANK6   BANK7   BANK8   BANK9  BANK10  BANK11  BANK12  BANK13  BANK14  BANK15
      Params:         0       0       0       0       0       0       0       0       0       0       0       0       0       0       0       0       0
      Locals:         1       0       0       0       0       0       0       0       0       0       0       0       0       0       0       0       0
      Temps:          1       0       0       0       0       0       0       0       0       0       0       0       0       0       0       0       0
      Totals:         2       0       0       0       0       0       0       0       0       0       0       0       0       0       0       0       0
Total ram usage:        2 bytes
 Hardware stack levels used:    1
 Hardware stack levels required when called:    1
 This function calls:
		_LCDWriteNibble
 This function is called by:
		_LCD_Initialize
		_LCDGoto
		_main
 This function uses a non-reentrant model


 *************** function _LCDWriteNibble *****************
 Defined at:
		line 36 in file "lcd.c"
 Parameters:    Size  Location     Type
  ch              1    wreg     unsigned char 
  rs              1    0[COMRAM] unsigned char 
 Auto vars:     Size  Location     Type
  ch              1    1[COMRAM] unsigned char 
 Return value:  Size  Location     Type
		None               void
 Registers used:
		wreg, status,2, status,0
 Tracked objects:
		On entry : 
		On exit  : 
		Unchanged: 
 Data sizes:     COMRAM   BANK0   BANK1   BANK2   BANK3   BANK4   BANK5   BANK6   BANK7   BANK8   BANK9  BANK10  BANK11  BANK12  BANK13  BANK14  BANK15
      Params:         1       0       0       0       0       0       0       0       0       0       0       0       0       0       0       0       0
      Locals:         1       0       0       0       0       0       0       0       0       0       0       0       0       0       0       0       0
      Temps:          0       0       0       0       0       0       0       0       0       0       0       0       0       0       0       0       0
      Totals:         2       0       0       0       0       0       0       0       0       0       0       0       0       0       0       0       0
Total ram usage:        2 bytes
 Hardware stack levels used:    1
 This function calls:
		Nothing
 This function is called by:
		_LCDPutChar
		_LCDPutCmd
 This function uses a non-reentrant model


 *************** function _EEPROM_write *****************
 Defined at:
		line 5 in file "eeprom_lib.c"
 Parameters:    Size  Location     Type
  data            1    wreg     unsigned char 
  address         1    0[COMRAM] unsigned char 
 Auto vars:     Size  Location     Type
  data            1    1[COMRAM] unsigned char 
 Return value:  Size  Location     Type
		None               void
 Registers used:
		wreg, status,2
 Tracked objects:
		On entry : 
		On exit  : 
		Unchanged: 
 Data sizes:     COMRAM   BANK0   BANK1   BANK2   BANK3   BANK4   BANK5   BANK6   BANK7   BANK8   BANK9  BANK10  BANK11  BANK12  BANK13  BANK14  BANK15
      Params:         1       0       0       0       0       0       0       0       0       0       0       0       0       0       0       0       0
      Locals:         1       0       0       0       0       0       0       0       0       0       0       0       0       0       0       0       0
      Temps:          0       0       0       0       0       0       0       0       0       0       0       0       0       0       0       0       0
      Totals:         2       0       0       0       0       0       0       0       0       0       0       0       0       0       0       0       0
Total ram usage:        2 bytes
 Hardware stack levels used:    1
 This function calls:
		Nothing
 This function is called by:
		_main
 This function uses a non-reentrant model


 *************** function _EEPROM_read *****************
 Defined at:
		line 27 in file "eeprom_lib.c"
 Parameters:    Size  Location     Type
  address         1    wreg     unsigned char 
 Auto vars:     Size  Location     Type
  address         1    0[COMRAM] unsigned char 
 Return value:  Size  Location     Type
                  1    wreg      unsigned char 
 Registers used:
		wreg, status,2
 Tracked objects:
		On entry : 
		On exit  : 
		Unchanged: 
 Data sizes:     COMRAM   BANK0   BANK1   BANK2   BANK3   BANK4   BANK5   BANK6   BANK7   BANK8   BANK9  BANK10  BANK11  BANK12  BANK13  BANK14  BANK15
      Params:         0       0       0       0       0       0       0       0       0       0       0       0       0       0       0       0       0
      Locals:         1       0       0       0       0       0       0       0       0       0       0       0       0       0       0       0       0
      Temps:          0       0       0       0       0       0       0       0       0       0       0       0       0       0       0       0       0
      Totals:         1       0       0       0       0       0       0       0       0       0       0       0       0       0       0       0       0
Total ram usage:        1 bytes
 Hardware stack levels used:    1
 This function calls:
		Nothing
 This function is called by:
		_main
 This function uses a non-reentrant model



MODULE INFORMATION

Module		Function		Class		Link	Load	Size
eeprom_lib.c
		_EEPROM_read   		CODE           	1882	0000	27
		_EEPROM_write  		CODE           	1856	0000	45

eeprom_lib.c estimated size: 72

shared
		__initializatio		CODE           	189C	0000	13

shared estimated size: 13

C:\Program Files (x86)\Microchip\xc8\v1.34\sources\common\strcmp.c
		_strcmp        		CODE           	167E	0000	79

C:\Program Files (x86)\Microchip\xc8\v1.34\sources\common\strcmp.c estimated size: 79

RE-door lock.c
		_main          		CODE           	1088	0000	1379

RE-door lock.c estimated size: 1379

lcd.c
		_LCDPutCmd     		CODE           	178C	0000	59
		_LCDPutStr     		CODE           	17C6	0000	57
		_LCDPutChar    		CODE           	17FE	0000	45
		_LCD_Initialize		CODE           	1752	0000	59
		_LCDWriteNibble		CODE           	182A	0000	45
		_LCDGoto       		CODE           	1710	0000	67

lcd.c estimated size: 332

C:\Program Files (x86)\Microchip\xc8\v1.34\sources\common\doprnt.c
		_sprintf       		CODE           	16CC	0000	69

C:\Program Files (x86)\Microchip\xc8\v1.34\sources\common\doprnt.c estimated size: 69

uart_liberary.c
		_UART_read_ch  		CODE           	18B2	0000	15
		_UART_initi    		CODE           	15EA	0000	149

uart_liberary.c estimated size: 164

